bun : $ vite build
At line:1 char:1
+ bun run build > 
build_output.txt 2>&1
+ ~~~~~~~~~~~~~~~~~~~~
~~~~~~~~~~~~~~~~~
    + CategoryInfo    
          : NotSpeci  
  fied: ($ vite bui   
 ld:String) [], Re    
moteException
    + FullyQualifiedE 
   rrorId : NativeCo  
  mmandError
 
[36mvite v7.3.1 [32mbuilding client environment for production...[36m[39m
[plugin @laravel/vite-plugin-wayfinder] Types generated for actions, routes, form variants
transforming...
[32mΓ£ô[39m 6 modules transformed.
[31mΓ£ù[39m Build 
failed in 1.85s
[31merror during 
build:
[31m[@tailwindcss/vit
e:generate:build] 
Cannot apply unknown 
utility class `ease-[c
ubic-bezier(0.23,`[31
m
file: [36mC:/Users/us
er/Herd/luav6/resource
s/css/app.css[31m
    at 
onInvalidCandidate (fi
le:///C:/Users/user/He
rd/luav6/node_modules/
tailwindcss/dist/chunk
-L5IEUH3R.mjs:21:1511)
    at $e (file:///C:/
Users/user/Herd/luav6/
node_modules/tailwindc
ss/dist/chunk-L5IEUH3R
.mjs:16:36740)
    at file:///C:/User
s/user/Herd/luav6/node
_modules/tailwindcss/d
ist/chunk-L5IEUH3R.mjs
:21:355
    at Ar (file:///C:/
Users/user/Herd/luav6/
node_modules/tailwindc
ss/dist/chunk-L5IEUH3R
.mjs:3:1733)
    at I (file:///C:/U
sers/user/Herd/luav6/n
ode_modules/tailwindcs
s/dist/chunk-L5IEUH3R.
mjs:3:1377)
    at Ce (file:///C:/
Users/user/Herd/luav6/
node_modules/tailwindc
ss/dist/chunk-L5IEUH3R
.mjs:21:172)
    at Gi (file:///C:/
Users/user/Herd/luav6/
node_modules/tailwindc
ss/dist/chunk-L5IEUH3R
.mjs:38:294)
    at async ao (file:
///C:/Users/user/Herd/
luav6/node_modules/tai
lwindcss/dist/chunk-L5
IEUH3R.mjs:38:631)
    at async vf (file:
///C:/Users/user/Herd/
luav6/node_modules/tai
lwindcss/dist/chunk-L5
IEUH3R.mjs:38:1406)
    at async uu (file:
///C:/Users/user/Herd/
luav6/node_modules/@ta
ilwindcss/node/dist/in
dex.mjs:10:3458)[39m
error: script "build" 
exited with code 1
